
> acharya-ways-frontend@1.0.0 build
> next build

  Γû▓ Next.js 14.2.35
  - Environments: .env.local

   Creating an optimized production build ...
node.exe : 
At line:1 char:1
+ & "C:\Program 
Files\nodejs/node.exe" 
"C:\Program 
Files\nodejs/node_mo 
...
+ ~~~~~~~~~~~~~~~~~~~~~
~~~~~~~~~~~~~~~~~~~~~~~
~~~~~~~~~~~~~~~~~~~~~~~
~~
    + CategoryInfo     
         : NotSpecifi  
  ed: (:String) [],    
 RemoteException
    + FullyQualifiedEr 
   rorId : NativeComm  
  andError
 
> Build error occurred
Error: Page "/admin/ord
ers/[id]/page" cannot 
use both "use client" 
and export function "ge
nerateStaticParams()".
    at 
getPageStaticInfo (C:\U
sers\Asus\OneDrive\Desk
top\acharya_ways_new\fr
ontend\node_modules\nex
t\dist\build\analysis\g
et-page-static-info.js:
468:19)
    at async getStaticI
nfoIncludingLayouts (C:
\Users\Asus\OneDrive\De
sktop\acharya_ways_new\
frontend\node_modules\n
ext\dist\build\entries.
js:108:28)
    at async C:\Users\A
sus\OneDrive\Desktop\ac
harya_ways_new\frontend
\node_modules\next\dist
\build\entries.js:410:3
2
    at async 
Promise.all (index 3)
    at async 
Promise.all (index 0)
    at async 
createEntrypoints (C:\U
sers\Asus\OneDrive\Desk
top\acharya_ways_new\fr
ontend\node_modules\nex
t\dist\build\entries.js
:550:5)
    at async 
Span.traceAsyncFn (C:\U
sers\Asus\OneDrive\Desk
top\acharya_ways_new\fr
ontend\node_modules\nex
t\dist\trace\trace.js:1
54:20)
    at async 
webpackBuildImpl (C:\Us
ers\Asus\OneDrive\Deskt
op\acharya_ways_new\fro
ntend\node_modules\next
\dist\build\webpack-bui
ld\impl.js:104:25)
    at async 
Object.workerMain (C:\U
sers\Asus\OneDrive\Desk
top\acharya_ways_new\fr
ontend\node_modules\nex
t\dist\build\webpack-bu
ild\impl.js:330:20) {
  type: 'Error'
}
