test works
